/home/user/Downloads/ML-project/ML-Project/.venv/lib/python3.12/site-packages/torch/__init__.py:1700: UserWarning: torch.set_default_tensor_type() is deprecated as of PyTorch 2.1, please use torch.set_default_dtype() and torch.set_default_device() as alternatives. (Triggered internally at /__w/pytorch/pytorch/torch/csrc/tensor/python_tensor.cpp:434.)
  _C._set_default_tensor_type(t)
Epoch  1 | Batch  30/254 | Time/Batch(ms) 127.42 | Train Loss 1.0642
Epoch  1 | Batch  60/254 | Time/Batch(ms) 79.03 | Train Loss 1.0767
Epoch  1 | Batch  90/254 | Time/Batch(ms) 78.88 | Train Loss 0.9449
Epoch  1 | Batch 120/254 | Time/Batch(ms) 78.84 | Train Loss 0.9123
Epoch  1 | Batch 150/254 | Time/Batch(ms) 78.99 | Train Loss 0.6755
Epoch  1 | Batch 180/254 | Time/Batch(ms) 78.49 | Train Loss 0.7139
Epoch  1 | Batch 210/254 | Time/Batch(ms) 78.41 | Train Loss 0.7246
Epoch  1 | Batch 240/254 | Time/Batch(ms) 78.42 | Train Loss 0.6684
--------------------------------------------------
Epoch  1 | Time 25.3238 sec | Valid Loss 0.7724 | Test Loss 0.8438
--------------------------------------------------
Saved model at /home/user/Downloads/ML-project/ML-Project/pretrained/mosei.pt
Epoch  2 | Batch  30/254 | Time/Batch(ms) 81.11 | Train Loss 0.9993
Epoch  2 | Batch  60/254 | Time/Batch(ms) 78.81 | Train Loss 1.0191
Epoch  2 | Batch  90/254 | Time/Batch(ms) 78.75 | Train Loss 0.9550
Epoch  2 | Batch 120/254 | Time/Batch(ms) 78.74 | Train Loss 0.9027
Epoch  2 | Batch 150/254 | Time/Batch(ms) 78.78 | Train Loss 0.6504
Epoch  2 | Batch 180/254 | Time/Batch(ms) 78.95 | Train Loss 0.6662
Epoch  2 | Batch 210/254 | Time/Batch(ms) 78.74 | Train Loss 0.6837
Epoch  2 | Batch 240/254 | Time/Batch(ms) 78.90 | Train Loss 0.6499
--------------------------------------------------
Epoch  2 | Time 24.0578 sec | Valid Loss 0.7125 | Test Loss 0.7728
--------------------------------------------------
Saved model at /home/user/Downloads/ML-project/ML-Project/pretrained/mosei.pt
Epoch  3 | Batch  30/254 | Time/Batch(ms) 81.71 | Train Loss 0.9442
Epoch  3 | Batch  60/254 | Time/Batch(ms) 79.11 | Train Loss 0.9403
Epoch  3 | Batch  90/254 | Time/Batch(ms) 79.27 | Train Loss 0.8008
Epoch  3 | Batch 120/254 | Time/Batch(ms) 78.98 | Train Loss 0.8537
Epoch  3 | Batch 150/254 | Time/Batch(ms) 78.99 | Train Loss 0.6266
Epoch  3 | Batch 180/254 | Time/Batch(ms) 79.20 | Train Loss 0.6174
Epoch  3 | Batch 210/254 | Time/Batch(ms) 79.46 | Train Loss 0.6347
Epoch  3 | Batch 240/254 | Time/Batch(ms) 80.59 | Train Loss 0.6051
--------------------------------------------------
Epoch  3 | Time 24.1297 sec | Valid Loss 0.6956 | Test Loss 0.7591
--------------------------------------------------
Saved model at /home/user/Downloads/ML-project/ML-Project/pretrained/mosei.pt
Epoch  4 | Batch  30/254 | Time/Batch(ms) 82.09 | Train Loss 0.8842
Epoch  4 | Batch  60/254 | Time/Batch(ms) 79.59 | Train Loss 0.8775
Epoch  4 | Batch  90/254 | Time/Batch(ms) 79.63 | Train Loss 0.7668
Epoch  4 | Batch 120/254 | Time/Batch(ms) 80.43 | Train Loss 0.7990
Epoch  4 | Batch 150/254 | Time/Batch(ms) 80.57 | Train Loss 0.5948
Epoch  4 | Batch 180/254 | Time/Batch(ms) 80.14 | Train Loss 0.5957
Epoch  4 | Batch 210/254 | Time/Batch(ms) 81.83 | Train Loss 0.6105
Epoch  4 | Batch 240/254 | Time/Batch(ms) 79.72 | Train Loss 0.5938
--------------------------------------------------
Epoch  4 | Time 24.3438 sec | Valid Loss 0.6685 | Test Loss 0.7240
--------------------------------------------------
Saved model at /home/user/Downloads/ML-project/ML-Project/pretrained/mosei.pt
Epoch  5 | Batch  30/254 | Time/Batch(ms) 82.47 | Train Loss 0.8333
Epoch  5 | Batch  60/254 | Time/Batch(ms) 79.73 | Train Loss 0.8162
Epoch  5 | Batch  90/254 | Time/Batch(ms) 79.65 | Train Loss 0.7784
Epoch  5 | Batch 120/254 | Time/Batch(ms) 79.68 | Train Loss 0.7790
Epoch  5 | Batch 150/254 | Time/Batch(ms) 79.66 | Train Loss 0.5970
Epoch  5 | Batch 180/254 | Time/Batch(ms) 79.56 | Train Loss 0.5896
Epoch  5 | Batch 210/254 | Time/Batch(ms) 79.59 | Train Loss 0.6084
Epoch  5 | Batch 240/254 | Time/Batch(ms) 79.59 | Train Loss 0.5841
--------------------------------------------------
Epoch  5 | Time 24.2148 sec | Valid Loss 0.6639 | Test Loss 0.7094
--------------------------------------------------
Saved model at /home/user/Downloads/ML-project/ML-Project/pretrained/mosei.pt
Epoch  6 | Batch  30/254 | Time/Batch(ms) 82.26 | Train Loss 0.8305
Epoch  6 | Batch  60/254 | Time/Batch(ms) 79.84 | Train Loss 0.7852
Epoch  6 | Batch  90/254 | Time/Batch(ms) 79.85 | Train Loss 0.7371
Epoch  6 | Batch 120/254 | Time/Batch(ms) 79.91 | Train Loss 0.7770
Epoch  6 | Batch 150/254 | Time/Batch(ms) 79.85 | Train Loss 0.5892
Epoch  6 | Batch 180/254 | Time/Batch(ms) 79.75 | Train Loss 0.5839
Epoch  6 | Batch 210/254 | Time/Batch(ms) 79.76 | Train Loss 0.6050
Epoch  6 | Batch 240/254 | Time/Batch(ms) 79.79 | Train Loss 0.5752
--------------------------------------------------
Epoch  6 | Time 24.2651 sec | Valid Loss 0.6511 | Test Loss 0.6987
--------------------------------------------------
Saved model at /home/user/Downloads/ML-project/ML-Project/pretrained/mosei.pt
Epoch  7 | Batch  30/254 | Time/Batch(ms) 82.64 | Train Loss 0.7947
Epoch  7 | Batch  60/254 | Time/Batch(ms) 79.91 | Train Loss 0.7649
Epoch  7 | Batch  90/254 | Time/Batch(ms) 79.86 | Train Loss 0.7544
Epoch  7 | Batch 120/254 | Time/Batch(ms) 79.87 | Train Loss 0.7811
Epoch  7 | Batch 150/254 | Time/Batch(ms) 79.98 | Train Loss 0.5750
Epoch  7 | Batch 180/254 | Time/Batch(ms) 79.90 | Train Loss 0.5755
Epoch  7 | Batch 210/254 | Time/Batch(ms) 79.90 | Train Loss 0.5965
Epoch  7 | Batch 240/254 | Time/Batch(ms) 79.87 | Train Loss 0.5752
--------------------------------------------------
Epoch  7 | Time 24.2899 sec | Valid Loss 0.6873 | Test Loss 0.7345
--------------------------------------------------
Epoch  8 | Batch  30/254 | Time/Batch(ms) 82.59 | Train Loss 0.8204
Epoch  8 | Batch  60/254 | Time/Batch(ms) 79.98 | Train Loss 0.7631
Epoch  8 | Batch  90/254 | Time/Batch(ms) 79.89 | Train Loss 0.7410
Epoch  8 | Batch 120/254 | Time/Batch(ms) 79.86 | Train Loss 0.7540
Epoch  8 | Batch 150/254 | Time/Batch(ms) 81.99 | Train Loss 0.5692
Epoch  8 | Batch 180/254 | Time/Batch(ms) 79.81 | Train Loss 0.5756
Epoch  8 | Batch 210/254 | Time/Batch(ms) 79.77 | Train Loss 0.5972
Epoch  8 | Batch 240/254 | Time/Batch(ms) 79.87 | Train Loss 0.5743
--------------------------------------------------
Epoch  8 | Time 24.3434 sec | Valid Loss 0.6612 | Test Loss 0.7073
--------------------------------------------------
Epoch  9 | Batch  30/254 | Time/Batch(ms) 82.54 | Train Loss 0.7794
Epoch  9 | Batch  60/254 | Time/Batch(ms) 79.88 | Train Loss 0.7458
Epoch  9 | Batch  90/254 | Time/Batch(ms) 79.77 | Train Loss 0.7276
Epoch  9 | Batch 120/254 | Time/Batch(ms) 79.84 | Train Loss 0.7439
Epoch  9 | Batch 150/254 | Time/Batch(ms) 79.86 | Train Loss 0.5799
Epoch  9 | Batch 180/254 | Time/Batch(ms) 79.90 | Train Loss 0.5703
Epoch  9 | Batch 210/254 | Time/Batch(ms) 79.97 | Train Loss 0.5867
Epoch  9 | Batch 240/254 | Time/Batch(ms) 79.92 | Train Loss 0.5702
--------------------------------------------------
Epoch  9 | Time 24.2926 sec | Valid Loss 0.6671 | Test Loss 0.7084
--------------------------------------------------
Epoch 10 | Batch  30/254 | Time/Batch(ms) 82.57 | Train Loss 0.7786
Epoch 10 | Batch  60/254 | Time/Batch(ms) 80.04 | Train Loss 0.7447
Epoch 10 | Batch  90/254 | Time/Batch(ms) 79.87 | Train Loss 0.7485
Epoch 10 | Batch 120/254 | Time/Batch(ms) 79.91 | Train Loss 0.7474
Epoch 10 | Batch 150/254 | Time/Batch(ms) 79.87 | Train Loss 0.5759
Epoch 10 | Batch 180/254 | Time/Batch(ms) 80.01 | Train Loss 0.5743
Epoch 10 | Batch 210/254 | Time/Batch(ms) 79.89 | Train Loss 0.5869
Epoch 10 | Batch 240/254 | Time/Batch(ms) 79.85 | Train Loss 0.5639
--------------------------------------------------
Epoch 10 | Time 24.2998 sec | Valid Loss 0.6509 | Test Loss 0.6861
--------------------------------------------------
Saved model at /home/user/Downloads/ML-project/ML-Project/pretrained/mosei.pt
Epoch 11 | Batch  30/254 | Time/Batch(ms) 82.62 | Train Loss 0.7567
Epoch 11 | Batch  60/254 | Time/Batch(ms) 80.05 | Train Loss 0.7373
Epoch 11 | Batch  90/254 | Time/Batch(ms) 79.90 | Train Loss 0.7445
Epoch 11 | Batch 120/254 | Time/Batch(ms) 79.89 | Train Loss 0.7313
Epoch 11 | Batch 150/254 | Time/Batch(ms) 79.86 | Train Loss 0.5761
Epoch 11 | Batch 180/254 | Time/Batch(ms) 79.88 | Train Loss 0.5730
Epoch 11 | Batch 210/254 | Time/Batch(ms) 79.90 | Train Loss 0.5758
Epoch 11 | Batch 240/254 | Time/Batch(ms) 79.86 | Train Loss 0.5561
--------------------------------------------------
Epoch 11 | Time 24.2945 sec | Valid Loss 0.6420 | Test Loss 0.6797
--------------------------------------------------
Saved model at /home/user/Downloads/ML-project/ML-Project/pretrained/mosei.pt
Epoch 12 | Batch  30/254 | Time/Batch(ms) 82.61 | Train Loss 0.7514
Epoch 12 | Batch  60/254 | Time/Batch(ms) 79.95 | Train Loss 0.7125
Epoch 12 | Batch  90/254 | Time/Batch(ms) 81.98 | Train Loss 0.7094
Epoch 12 | Batch 120/254 | Time/Batch(ms) 79.91 | Train Loss 0.7251
Epoch 12 | Batch 150/254 | Time/Batch(ms) 80.13 | Train Loss 0.5683
Epoch 12 | Batch 180/254 | Time/Batch(ms) 79.88 | Train Loss 0.5636
Epoch 12 | Batch 210/254 | Time/Batch(ms) 80.00 | Train Loss 0.5785
Epoch 12 | Batch 240/254 | Time/Batch(ms) 79.95 | Train Loss 0.5590
--------------------------------------------------
Epoch 12 | Time 24.4604 sec | Valid Loss 0.6416 | Test Loss 0.6792
--------------------------------------------------
Saved model at /home/user/Downloads/ML-project/ML-Project/pretrained/mosei.pt
Epoch 13 | Batch  30/254 | Time/Batch(ms) 84.46 | Train Loss 0.7327
Epoch 13 | Batch  60/254 | Time/Batch(ms) 80.83 | Train Loss 0.7201
Epoch 13 | Batch  90/254 | Time/Batch(ms) 80.37 | Train Loss 0.7274
Epoch 13 | Batch 120/254 | Time/Batch(ms) 80.12 | Train Loss 0.7071
Epoch 13 | Batch 150/254 | Time/Batch(ms) 79.91 | Train Loss 0.5723
Epoch 13 | Batch 180/254 | Time/Batch(ms) 79.91 | Train Loss 0.5666
Epoch 13 | Batch 210/254 | Time/Batch(ms) 80.34 | Train Loss 0.5826
Epoch 13 | Batch 240/254 | Time/Batch(ms) 79.83 | Train Loss 0.5633
--------------------------------------------------
Epoch 13 | Time 24.4115 sec | Valid Loss 0.6532 | Test Loss 0.6864
--------------------------------------------------
Epoch 14 | Batch  30/254 | Time/Batch(ms) 82.47 | Train Loss 0.7284
Epoch 14 | Batch  60/254 | Time/Batch(ms) 79.98 | Train Loss 0.7183
Epoch 14 | Batch  90/254 | Time/Batch(ms) 79.90 | Train Loss 0.6911
Epoch 14 | Batch 120/254 | Time/Batch(ms) 79.93 | Train Loss 0.7101
Epoch 14 | Batch 150/254 | Time/Batch(ms) 80.17 | Train Loss 0.5646
Epoch 14 | Batch 180/254 | Time/Batch(ms) 81.03 | Train Loss 0.5616
Epoch 14 | Batch 210/254 | Time/Batch(ms) 81.47 | Train Loss 0.5709
Epoch 14 | Batch 240/254 | Time/Batch(ms) 81.07 | Train Loss 0.5487
--------------------------------------------------
Epoch 14 | Time 24.4584 sec | Valid Loss 0.6578 | Test Loss 0.6941
--------------------------------------------------
Epoch 15 | Batch  30/254 | Time/Batch(ms) 82.81 | Train Loss 0.7334
Epoch 15 | Batch  60/254 | Time/Batch(ms) 80.11 | Train Loss 0.7195
Epoch 15 | Batch  90/254 | Time/Batch(ms) 80.70 | Train Loss 0.7360
Epoch 15 | Batch 120/254 | Time/Batch(ms) 81.40 | Train Loss 0.7137
Epoch 15 | Batch 150/254 | Time/Batch(ms) 80.67 | Train Loss 0.5584
Epoch 15 | Batch 180/254 | Time/Batch(ms) 81.07 | Train Loss 0.5545
Epoch 15 | Batch 210/254 | Time/Batch(ms) 82.84 | Train Loss 0.5804
Epoch 15 | Batch 240/254 | Time/Batch(ms) 80.80 | Train Loss 0.5519
--------------------------------------------------
Epoch 15 | Time 24.6727 sec | Valid Loss 0.6389 | Test Loss 0.6747
--------------------------------------------------
Saved model at /home/user/Downloads/ML-project/ML-Project/pretrained/mosei.pt
Epoch 16 | Batch  30/254 | Time/Batch(ms) 87.15 | Train Loss 0.7212
Epoch 16 | Batch  60/254 | Time/Batch(ms) 81.12 | Train Loss 0.7007
Epoch 16 | Batch  90/254 | Time/Batch(ms) 80.95 | Train Loss 0.7069
Epoch 16 | Batch 120/254 | Time/Batch(ms) 81.48 | Train Loss 0.7057
Epoch 16 | Batch 150/254 | Time/Batch(ms) 81.28 | Train Loss 0.5639
Epoch 16 | Batch 180/254 | Time/Batch(ms) 81.07 | Train Loss 0.5531
Epoch 16 | Batch 210/254 | Time/Batch(ms) 81.37 | Train Loss 0.5682
Epoch 16 | Batch 240/254 | Time/Batch(ms) 81.41 | Train Loss 0.5525
--------------------------------------------------
Epoch 16 | Time 24.7826 sec | Valid Loss 0.6265 | Test Loss 0.6613
--------------------------------------------------
Saved model at /home/user/Downloads/ML-project/ML-Project/pretrained/mosei.pt
Epoch 17 | Batch  30/254 | Time/Batch(ms) 82.54 | Train Loss 0.6924
Epoch 17 | Batch  60/254 | Time/Batch(ms) 79.90 | Train Loss 0.6984
Epoch 17 | Batch  90/254 | Time/Batch(ms) 79.82 | Train Loss 0.7203
Epoch 17 | Batch 120/254 | Time/Batch(ms) 80.45 | Train Loss 0.6947
Epoch 17 | Batch 150/254 | Time/Batch(ms) 79.95 | Train Loss 0.5652
Epoch 17 | Batch 180/254 | Time/Batch(ms) 79.96 | Train Loss 0.5626
Epoch 17 | Batch 210/254 | Time/Batch(ms) 79.94 | Train Loss 0.5756
Epoch 17 | Batch 240/254 | Time/Batch(ms) 79.93 | Train Loss 0.5539
--------------------------------------------------
Epoch 17 | Time 24.3156 sec | Valid Loss 0.6200 | Test Loss 0.6587
--------------------------------------------------
Saved model at /home/user/Downloads/ML-project/ML-Project/pretrained/mosei.pt
Epoch 18 | Batch  30/254 | Time/Batch(ms) 82.64 | Train Loss 0.7126
Epoch 18 | Batch  60/254 | Time/Batch(ms) 80.53 | Train Loss 0.6964
Epoch 18 | Batch  90/254 | Time/Batch(ms) 79.93 | Train Loss 0.6829
Epoch 18 | Batch 120/254 | Time/Batch(ms) 79.88 | Train Loss 0.6901
Epoch 18 | Batch 150/254 | Time/Batch(ms) 79.99 | Train Loss 0.5591
Epoch 18 | Batch 180/254 | Time/Batch(ms) 80.24 | Train Loss 0.5484
Epoch 18 | Batch 210/254 | Time/Batch(ms) 80.28 | Train Loss 0.5680
Epoch 18 | Batch 240/254 | Time/Batch(ms) 80.11 | Train Loss 0.5512
--------------------------------------------------
Epoch 18 | Time 24.3536 sec | Valid Loss 0.6493 | Test Loss 0.7000
--------------------------------------------------
Epoch 19 | Batch  30/254 | Time/Batch(ms) 83.39 | Train Loss 0.7088
Epoch 19 | Batch  60/254 | Time/Batch(ms) 80.39 | Train Loss 0.7023
Epoch 19 | Batch  90/254 | Time/Batch(ms) 80.30 | Train Loss 0.6789
Epoch 19 | Batch 120/254 | Time/Batch(ms) 79.93 | Train Loss 0.6780
Epoch 19 | Batch 150/254 | Time/Batch(ms) 79.92 | Train Loss 0.5561
Epoch 19 | Batch 180/254 | Time/Batch(ms) 80.00 | Train Loss 0.5572
Epoch 19 | Batch 210/254 | Time/Batch(ms) 79.96 | Train Loss 0.5564
Epoch 19 | Batch 240/254 | Time/Batch(ms) 82.81 | Train Loss 0.5480
--------------------------------------------------
Epoch 19 | Time 24.4556 sec | Valid Loss 0.6431 | Test Loss 0.6928
--------------------------------------------------
Epoch 20 | Batch  30/254 | Time/Batch(ms) 82.96 | Train Loss 0.6843
Epoch 20 | Batch  60/254 | Time/Batch(ms) 79.94 | Train Loss 0.6941
Epoch 20 | Batch  90/254 | Time/Batch(ms) 79.81 | Train Loss 0.6836
Epoch 20 | Batch 120/254 | Time/Batch(ms) 79.82 | Train Loss 0.6916
Epoch 20 | Batch 150/254 | Time/Batch(ms) 79.80 | Train Loss 0.5530
Epoch 20 | Batch 180/254 | Time/Batch(ms) 79.86 | Train Loss 0.5497
Epoch 20 | Batch 210/254 | Time/Batch(ms) 79.84 | Train Loss 0.5636
Epoch 20 | Batch 240/254 | Time/Batch(ms) 79.86 | Train Loss 0.5413
--------------------------------------------------
Epoch 20 | Time 24.3282 sec | Valid Loss 0.6272 | Test Loss 0.6723
--------------------------------------------------
Epoch 21 | Batch  30/254 | Time/Batch(ms) 82.85 | Train Loss 0.6788
Epoch 21 | Batch  60/254 | Time/Batch(ms) 79.83 | Train Loss 0.6898
Epoch 21 | Batch  90/254 | Time/Batch(ms) 79.84 | Train Loss 0.6964
Epoch 21 | Batch 120/254 | Time/Batch(ms) 79.81 | Train Loss 0.6778
Epoch 21 | Batch 150/254 | Time/Batch(ms) 79.83 | Train Loss 0.5407
Epoch 21 | Batch 180/254 | Time/Batch(ms) 79.80 | Train Loss 0.5587
Epoch 21 | Batch 210/254 | Time/Batch(ms) 79.88 | Train Loss 0.5758
Epoch 21 | Batch 240/254 | Time/Batch(ms) 79.91 | Train Loss 0.5400
--------------------------------------------------
Epoch 21 | Time 24.2912 sec | Valid Loss 0.6259 | Test Loss 0.6673
--------------------------------------------------
Epoch 22 | Batch  30/254 | Time/Batch(ms) 82.62 | Train Loss 0.6823
Epoch 22 | Batch  60/254 | Time/Batch(ms) 79.98 | Train Loss 0.6937
Epoch 22 | Batch  90/254 | Time/Batch(ms) 80.12 | Train Loss 0.6619
Epoch 22 | Batch 120/254 | Time/Batch(ms) 80.36 | Train Loss 0.6586
Epoch 22 | Batch 150/254 | Time/Batch(ms) 80.24 | Train Loss 0.5470
Epoch 22 | Batch 180/254 | Time/Batch(ms) 79.94 | Train Loss 0.5535
Epoch 22 | Batch 210/254 | Time/Batch(ms) 79.99 | Train Loss 0.5683
Epoch 22 | Batch 240/254 | Time/Batch(ms) 80.03 | Train Loss 0.5313
--------------------------------------------------
Epoch 22 | Time 24.3389 sec | Valid Loss 0.6339 | Test Loss 0.6777
--------------------------------------------------
Epoch 23 | Batch  30/254 | Time/Batch(ms) 82.69 | Train Loss 0.6739
Epoch 23 | Batch  60/254 | Time/Batch(ms) 80.01 | Train Loss 0.6954
Epoch 23 | Batch  90/254 | Time/Batch(ms) 79.92 | Train Loss 0.6627
Epoch 23 | Batch 120/254 | Time/Batch(ms) 79.91 | Train Loss 0.6610
Epoch 23 | Batch 150/254 | Time/Batch(ms) 80.08 | Train Loss 0.5476
Epoch 23 | Batch 180/254 | Time/Batch(ms) 79.90 | Train Loss 0.5462
Epoch 23 | Batch 210/254 | Time/Batch(ms) 79.93 | Train Loss 0.5629
Epoch 23 | Batch 240/254 | Time/Batch(ms) 82.01 | Train Loss 0.5395
--------------------------------------------------
Epoch 23 | Time 24.3752 sec | Valid Loss 0.6320 | Test Loss 0.6706
--------------------------------------------------
Epoch 24 | Batch  30/254 | Time/Batch(ms) 82.63 | Train Loss 0.6738
Epoch 24 | Batch  60/254 | Time/Batch(ms) 79.91 | Train Loss 0.6945
Epoch 24 | Batch  90/254 | Time/Batch(ms) 79.97 | Train Loss 0.6684
Epoch 24 | Batch 120/254 | Time/Batch(ms) 79.94 | Train Loss 0.6616
Epoch 24 | Batch 150/254 | Time/Batch(ms) 79.94 | Train Loss 0.5437
Epoch 24 | Batch 180/254 | Time/Batch(ms) 79.97 | Train Loss 0.5465
Epoch 24 | Batch 210/254 | Time/Batch(ms) 80.00 | Train Loss 0.5475
Epoch 24 | Batch 240/254 | Time/Batch(ms) 80.12 | Train Loss 0.5282
--------------------------------------------------
Epoch 24 | Time 24.3192 sec | Valid Loss 0.6122 | Test Loss 0.6418
--------------------------------------------------
Saved model at /home/user/Downloads/ML-project/ML-Project/pretrained/mosei.pt
Epoch 25 | Batch  30/254 | Time/Batch(ms) 82.71 | Train Loss 0.6578
Epoch 25 | Batch  60/254 | Time/Batch(ms) 80.20 | Train Loss 0.6773
Epoch 25 | Batch  90/254 | Time/Batch(ms) 80.30 | Train Loss 0.6882
Epoch 25 | Batch 120/254 | Time/Batch(ms) 79.90 | Train Loss 0.6727
Epoch 25 | Batch 150/254 | Time/Batch(ms) 79.78 | Train Loss 0.5404
Epoch 25 | Batch 180/254 | Time/Batch(ms) 79.95 | Train Loss 0.5329
Epoch 25 | Batch 210/254 | Time/Batch(ms) 80.28 | Train Loss 0.5550
Epoch 25 | Batch 240/254 | Time/Batch(ms) 80.06 | Train Loss 0.5278
--------------------------------------------------
Epoch 25 | Time 24.3717 sec | Valid Loss 0.6313 | Test Loss 0.6602
--------------------------------------------------
Epoch 26 | Batch  30/254 | Time/Batch(ms) 83.65 | Train Loss 0.6732
Epoch 26 | Batch  60/254 | Time/Batch(ms) 79.99 | Train Loss 0.6804
Epoch 26 | Batch  90/254 | Time/Batch(ms) 79.87 | Train Loss 0.6597
Epoch 26 | Batch 120/254 | Time/Batch(ms) 79.90 | Train Loss 0.6495
Epoch 26 | Batch 150/254 | Time/Batch(ms) 79.76 | Train Loss 0.5299
Epoch 26 | Batch 180/254 | Time/Batch(ms) 79.85 | Train Loss 0.5401
Epoch 26 | Batch 210/254 | Time/Batch(ms) 79.84 | Train Loss 0.5599
Epoch 26 | Batch 240/254 | Time/Batch(ms) 79.85 | Train Loss 0.5344
--------------------------------------------------
Epoch 26 | Time 24.3222 sec | Valid Loss 0.6133 | Test Loss 0.6487
--------------------------------------------------
Epoch 27 | Batch  30/254 | Time/Batch(ms) 82.50 | Train Loss 0.6629
Epoch 27 | Batch  60/254 | Time/Batch(ms) 79.91 | Train Loss 0.6751
Epoch 27 | Batch  90/254 | Time/Batch(ms) 79.93 | Train Loss 0.6506
Epoch 27 | Batch 120/254 | Time/Batch(ms) 79.93 | Train Loss 0.6503
Epoch 27 | Batch 150/254 | Time/Batch(ms) 79.85 | Train Loss 0.5338
Epoch 27 | Batch 180/254 | Time/Batch(ms) 81.94 | Train Loss 0.5332
Epoch 27 | Batch 210/254 | Time/Batch(ms) 79.94 | Train Loss 0.5582
Epoch 27 | Batch 240/254 | Time/Batch(ms) 80.11 | Train Loss 0.5272
--------------------------------------------------
Epoch 27 | Time 24.3626 sec | Valid Loss 0.6311 | Test Loss 0.6657
--------------------------------------------------
Epoch 28 | Batch  30/254 | Time/Batch(ms) 82.61 | Train Loss 0.6571
Epoch 28 | Batch  60/254 | Time/Batch(ms) 80.05 | Train Loss 0.6812
Epoch 28 | Batch  90/254 | Time/Batch(ms) 79.95 | Train Loss 0.6414
Epoch 28 | Batch 120/254 | Time/Batch(ms) 79.95 | Train Loss 0.6438
Epoch 28 | Batch 150/254 | Time/Batch(ms) 80.04 | Train Loss 0.5335
Epoch 28 | Batch 180/254 | Time/Batch(ms) 79.94 | Train Loss 0.5388
Epoch 28 | Batch 210/254 | Time/Batch(ms) 79.91 | Train Loss 0.5562
Epoch 28 | Batch 240/254 | Time/Batch(ms) 79.88 | Train Loss 0.5323
--------------------------------------------------
Epoch 28 | Time 24.3079 sec | Valid Loss 0.6178 | Test Loss 0.6572
--------------------------------------------------
Epoch 29 | Batch  30/254 | Time/Batch(ms) 82.61 | Train Loss 0.6494
Epoch 29 | Batch  60/254 | Time/Batch(ms) 79.93 | Train Loss 0.6700
Epoch 29 | Batch  90/254 | Time/Batch(ms) 79.91 | Train Loss 0.6712
Epoch 29 | Batch 120/254 | Time/Batch(ms) 80.08 | Train Loss 0.6670
Epoch 29 | Batch 150/254 | Time/Batch(ms) 79.91 | Train Loss 0.5390
Epoch 29 | Batch 180/254 | Time/Batch(ms) 79.91 | Train Loss 0.5362
Epoch 29 | Batch 210/254 | Time/Batch(ms) 80.08 | Train Loss 0.5531
Epoch 29 | Batch 240/254 | Time/Batch(ms) 79.91 | Train Loss 0.5298
--------------------------------------------------
Epoch 29 | Time 24.3087 sec | Valid Loss 0.6240 | Test Loss 0.6626
--------------------------------------------------
Epoch 30 | Batch  30/254 | Time/Batch(ms) 82.68 | Train Loss 0.6512
Epoch 30 | Batch  60/254 | Time/Batch(ms) 79.92 | Train Loss 0.6757
Epoch 30 | Batch  90/254 | Time/Batch(ms) 79.98 | Train Loss 0.6430
Epoch 30 | Batch 120/254 | Time/Batch(ms) 80.06 | Train Loss 0.6513
Epoch 30 | Batch 150/254 | Time/Batch(ms) 79.90 | Train Loss 0.5314
Epoch 30 | Batch 180/254 | Time/Batch(ms) 79.91 | Train Loss 0.5376
Epoch 30 | Batch 210/254 | Time/Batch(ms) 79.95 | Train Loss 0.5519
Epoch 30 | Batch 240/254 | Time/Batch(ms) 79.90 | Train Loss 0.5163
--------------------------------------------------
Epoch 30 | Time 24.3157 sec | Valid Loss 0.6243 | Test Loss 0.6606
--------------------------------------------------
Epoch 31 | Batch  30/254 | Time/Batch(ms) 82.59 | Train Loss 0.6351
Epoch 31 | Batch  60/254 | Time/Batch(ms) 79.96 | Train Loss 0.6782
Epoch 31 | Batch  90/254 | Time/Batch(ms) 79.89 | Train Loss 0.6387
Epoch 31 | Batch 120/254 | Time/Batch(ms) 80.34 | Train Loss 0.6354
Epoch 31 | Batch 150/254 | Time/Batch(ms) 80.39 | Train Loss 0.5392
Epoch 31 | Batch 180/254 | Time/Batch(ms) 83.21 | Train Loss 0.5323
Epoch 31 | Batch 210/254 | Time/Batch(ms) 79.87 | Train Loss 0.5450
Epoch 31 | Batch 240/254 | Time/Batch(ms) 79.87 | Train Loss 0.5195
--------------------------------------------------
Epoch 31 | Time 24.4219 sec | Valid Loss 0.6239 | Test Loss 0.6500
--------------------------------------------------
Epoch 32 | Batch  30/254 | Time/Batch(ms) 82.47 | Train Loss 0.6444
Epoch 32 | Batch  60/254 | Time/Batch(ms) 79.97 | Train Loss 0.6674
Epoch 32 | Batch  90/254 | Time/Batch(ms) 79.84 | Train Loss 0.6411
Epoch 32 | Batch 120/254 | Time/Batch(ms) 79.84 | Train Loss 0.6556
Epoch 32 | Batch 150/254 | Time/Batch(ms) 79.79 | Train Loss 0.5355
Epoch 32 | Batch 180/254 | Time/Batch(ms) 79.83 | Train Loss 0.5388
Epoch 32 | Batch 210/254 | Time/Batch(ms) 79.83 | Train Loss 0.5487
Epoch 32 | Batch 240/254 | Time/Batch(ms) 80.00 | Train Loss 0.5263
--------------------------------------------------
Epoch 32 | Time 24.2990 sec | Valid Loss 0.6165 | Test Loss 0.6400
--------------------------------------------------
Epoch 33 | Batch  30/254 | Time/Batch(ms) 82.43 | Train Loss 0.6138
Epoch 33 | Batch  60/254 | Time/Batch(ms) 79.88 | Train Loss 0.6697
Epoch 33 | Batch  90/254 | Time/Batch(ms) 80.04 | Train Loss 0.6272
Epoch 33 | Batch 120/254 | Time/Batch(ms) 80.00 | Train Loss 0.6421
Epoch 33 | Batch 150/254 | Time/Batch(ms) 80.02 | Train Loss 0.5354
Epoch 33 | Batch 180/254 | Time/Batch(ms) 82.87 | Train Loss 0.5289
Epoch 33 | Batch 210/254 | Time/Batch(ms) 80.71 | Train Loss 0.5425
Epoch 33 | Batch 240/254 | Time/Batch(ms) 80.01 | Train Loss 0.5231
--------------------------------------------------
Epoch 33 | Time 24.4135 sec | Valid Loss 0.6111 | Test Loss 0.6457
--------------------------------------------------
Saved model at /home/user/Downloads/ML-project/ML-Project/pretrained/mosei.pt
Epoch 34 | Batch  30/254 | Time/Batch(ms) 82.64 | Train Loss 0.6117
Epoch 34 | Batch  60/254 | Time/Batch(ms) 80.08 | Train Loss 0.6611
Epoch 34 | Batch  90/254 | Time/Batch(ms) 79.91 | Train Loss 0.6396
Epoch 34 | Batch 120/254 | Time/Batch(ms) 79.93 | Train Loss 0.6299
Epoch 34 | Batch 150/254 | Time/Batch(ms) 79.90 | Train Loss 0.5271
Epoch 34 | Batch 180/254 | Time/Batch(ms) 79.90 | Train Loss 0.5240
Epoch 34 | Batch 210/254 | Time/Batch(ms) 80.09 | Train Loss 0.5379
Epoch 34 | Batch 240/254 | Time/Batch(ms) 80.11 | Train Loss 0.5179
--------------------------------------------------
Epoch 34 | Time 24.3138 sec | Valid Loss 0.6128 | Test Loss 0.6531
--------------------------------------------------
Epoch 35 | Batch  30/254 | Time/Batch(ms) 82.61 | Train Loss 0.6449
Epoch 35 | Batch  60/254 | Time/Batch(ms) 79.97 | Train Loss 0.6566
Epoch 35 | Batch  90/254 | Time/Batch(ms) 79.95 | Train Loss 0.6212
Epoch 35 | Batch 120/254 | Time/Batch(ms) 79.96 | Train Loss 0.6291
Epoch 35 | Batch 150/254 | Time/Batch(ms) 79.94 | Train Loss 0.5242
Epoch 35 | Batch 180/254 | Time/Batch(ms) 82.12 | Train Loss 0.5197
Epoch 35 | Batch 210/254 | Time/Batch(ms) 80.07 | Train Loss 0.5395
Epoch 35 | Batch 240/254 | Time/Batch(ms) 80.10 | Train Loss 0.5131
--------------------------------------------------
Epoch 35 | Time 24.3845 sec | Valid Loss 0.6121 | Test Loss 0.6535
--------------------------------------------------
Epoch 36 | Batch  30/254 | Time/Batch(ms) 82.72 | Train Loss 0.6309
Epoch 36 | Batch  60/254 | Time/Batch(ms) 80.12 | Train Loss 0.6621
Epoch 36 | Batch  90/254 | Time/Batch(ms) 80.04 | Train Loss 0.6353
Epoch 36 | Batch 120/254 | Time/Batch(ms) 79.98 | Train Loss 0.6354
Epoch 36 | Batch 150/254 | Time/Batch(ms) 80.01 | Train Loss 0.5169
Epoch 36 | Batch 180/254 | Time/Batch(ms) 79.88 | Train Loss 0.5240
Epoch 36 | Batch 210/254 | Time/Batch(ms) 79.90 | Train Loss 0.5468
Epoch 36 | Batch 240/254 | Time/Batch(ms) 79.90 | Train Loss 0.5175
--------------------------------------------------
Epoch 36 | Time 24.3118 sec | Valid Loss 0.6172 | Test Loss 0.6515
--------------------------------------------------
Epoch 37 | Batch  30/254 | Time/Batch(ms) 82.78 | Train Loss 0.6347
Epoch 37 | Batch  60/254 | Time/Batch(ms) 80.04 | Train Loss 0.6574
Epoch 37 | Batch  90/254 | Time/Batch(ms) 80.00 | Train Loss 0.6431
Epoch 37 | Batch 120/254 | Time/Batch(ms) 79.90 | Train Loss 0.6349
Epoch 37 | Batch 150/254 | Time/Batch(ms) 79.93 | Train Loss 0.5165
Epoch 37 | Batch 180/254 | Time/Batch(ms) 79.91 | Train Loss 0.5203
Epoch 37 | Batch 210/254 | Time/Batch(ms) 79.91 | Train Loss 0.5433
Epoch 37 | Batch 240/254 | Time/Batch(ms) 79.97 | Train Loss 0.5169
--------------------------------------------------
Epoch 37 | Time 24.3217 sec | Valid Loss 0.6122 | Test Loss 0.6539
--------------------------------------------------
Epoch 38 | Batch  30/254 | Time/Batch(ms) 82.61 | Train Loss 0.6163
Epoch 38 | Batch  60/254 | Time/Batch(ms) 79.95 | Train Loss 0.6597
Epoch 38 | Batch  90/254 | Time/Batch(ms) 79.95 | Train Loss 0.6280
Epoch 38 | Batch 120/254 | Time/Batch(ms) 80.04 | Train Loss 0.6458
Epoch 38 | Batch 150/254 | Time/Batch(ms) 79.94 | Train Loss 0.5249
Epoch 38 | Batch 180/254 | Time/Batch(ms) 79.91 | Train Loss 0.5194
Epoch 38 | Batch 210/254 | Time/Batch(ms) 79.91 | Train Loss 0.5340
Epoch 38 | Batch 240/254 | Time/Batch(ms) 79.86 | Train Loss 0.5167
--------------------------------------------------
Epoch 38 | Time 24.3003 sec | Valid Loss 0.6214 | Test Loss 0.6590
--------------------------------------------------
Epoch 39 | Batch  30/254 | Time/Batch(ms) 82.60 | Train Loss 0.6378
Epoch 39 | Batch  60/254 | Time/Batch(ms) 80.07 | Train Loss 0.6501
Epoch 39 | Batch  90/254 | Time/Batch(ms) 79.97 | Train Loss 0.6170
Epoch 39 | Batch 120/254 | Time/Batch(ms) 79.93 | Train Loss 0.6202
Epoch 39 | Batch 150/254 | Time/Batch(ms) 81.92 | Train Loss 0.5205
Epoch 39 | Batch 180/254 | Time/Batch(ms) 80.06 | Train Loss 0.5247
Epoch 39 | Batch 210/254 | Time/Batch(ms) 79.92 | Train Loss 0.5445
Epoch 39 | Batch 240/254 | Time/Batch(ms) 80.00 | Train Loss 0.5139
--------------------------------------------------
Epoch 39 | Time 24.3809 sec | Valid Loss 0.6094 | Test Loss 0.6383
--------------------------------------------------
Saved model at /home/user/Downloads/ML-project/ML-Project/pretrained/mosei.pt
Epoch 40 | Batch  30/254 | Time/Batch(ms) 82.64 | Train Loss 0.6145
Epoch 40 | Batch  60/254 | Time/Batch(ms) 79.97 | Train Loss 0.6613
Epoch 40 | Batch  90/254 | Time/Batch(ms) 79.92 | Train Loss 0.6288
Epoch 40 | Batch 120/254 | Time/Batch(ms) 80.09 | Train Loss 0.6277
Epoch 40 | Batch 150/254 | Time/Batch(ms) 79.86 | Train Loss 0.5172
Epoch 40 | Batch 180/254 | Time/Batch(ms) 79.98 | Train Loss 0.5141
Epoch 40 | Batch 210/254 | Time/Batch(ms) 79.83 | Train Loss 0.5390
Epoch 40 | Batch 240/254 | Time/Batch(ms) 79.99 | Train Loss 0.5147
--------------------------------------------------
Epoch 40 | Time 24.3007 sec | Valid Loss 0.6102 | Test Loss 0.6434
--------------------------------------------------
MAE:  0.60936415
Correlation Coefficient:  0.6139292174643982
mult_acc_7:  0.5040128410914928
mult_acc_5:  0.5152487961476726
F1 score:  0.801653216516956
Accuracy:  0.7980501392757661
